python : `polytope` 
failed to import 
`cvxopt.glpk`.
At line:1 char:1
+ python test_abstra
ct_enn.py > 
test_log.txt 2>&1
+ ~~~~~~~~~~~~~~~~~~
~~~~~~~~~~~~~~~~~~~~
~~~~~~~~~
    + CategoryInfo  
            : NotS  
  pecified: (`pol   
 ytope` fail...     
`cvxopt.glpk`.:    
String) [], Rem    
oteException
    + FullyQualifie 
   dErrorId : Nati  
  veCommandError
 
will use `scipy.opti
mize.linprog`
Testing Rollout (No Splits)...
Traceback (most 
recent call last):
  File "C:\Users\ele
an\Documents\GitHub\
epigram-1\test_abstr
act_enn.py", line 
68, in <module>
    
test_abstract_enn()
  File "C:\Users\ele
an\Documents\GitHub\
epigram-1\test_abstr
act_enn.py", line 
27, in 
test_abstract_enn
    traj = 
model(x_init, 
z_sample)
           ^^^^^^^^^
^^^^^^^^^^^^^^
  File "C:\Users\ele
an\Documents\GitHub\
epigram-1\src\zono.p
y", line 666, in 
__call__
    phi_pre = 
self.base_fc1(x)
              
^^^^^^^^^^^^^^^^
  File "C:\Users\ele
an\Documents\GitHub\
epigram-1\src\zono.p
y", line 430, in 
__call__
    new_center = sel
f.linear(x.center)
                 ^^^
^^^^^^^^^^^^^^^^^^
  File "C:\Users\ele
an\AppData\Local\Pro
grams\Python\Python3
12\Lib\site-packages
\flax\nnx\nn\linear.
py", line 418, in 
__call__
    y = 
self.dot_general(
        
^^^^^^^^^^^^^^^^^
  File "C:\Users\ele
an\AppData\Local\Pro
grams\Python\Python3
12\Lib\site-packages
\jax\_src\lax\lax.py
", line 2409, in 
dot_general
    return dot(lhs, 
rhs, dimension_numbe
rs=dimension_numbers
, 
precision=precision,
           ^^^^^^^^^
^^^^^^^^^^^^^^^^^^^^
^^^^^^^^^^^^^^^^^^^^
^^^^^^^^^^^^^^^^^^^^
^^
  File "C:\Users\ele
an\AppData\Local\Pro
grams\Python\Python3
12\Lib\site-packages
\jax\_src\lax\lax.py
", line 2518, in dot
    return dot_gener
al_p.bind(lhs, rhs,
           ^^^^^^^^^
^^^^^^^^^^^^^^^^^^^
  File "C:\Users\ele
an\AppData\Local\Pro
grams\Python\Python3
12\Lib\site-packages
\jax\_src\core.py", 
line 633, in bind
    return self._tru
e_bind(*args, 
**params)
           ^^^^^^^^^
^^^^^^^^^^^^^^^^^^^^
^^^
  File "C:\Users\ele
an\AppData\Local\Pro
grams\Python\Python3
12\Lib\site-packages
\jax\_src\core.py", 
line 649, in 
_true_bind
    return self.bind
_with_trace(prev_tra
ce, args, params)
           ^^^^^^^^^
^^^^^^^^^^^^^^^^^^^^
^^^^^^^^^^^^^^^^^
  File "C:\Users\ele
an\AppData\Local\Pro
grams\Python\Python3
12\Lib\site-packages
\jax\_src\core.py", 
line 661, in 
bind_with_trace
    return trace.pro
cess_primitive(self,
 args, params)
           ^^^^^^^^^
^^^^^^^^^^^^^^^^^^^^
^^^^^^^^^^^^^^
  File "C:\Users\ele
an\AppData\Local\Pro
grams\Python\Python3
12\Lib\site-packages
\jax\_src\core.py", 
line 1210, in 
process_primitive
    return primitive
.impl(*args, 
**params)
           ^^^^^^^^^
^^^^^^^^^^^^^^^^^^^^
^^
  File "C:\Users\ele
an\AppData\Local\Pro
grams\Python\Python3
12\Lib\site-packages
\jax\_src\dispatch.p
y", line 91, in 
apply_primitive
    outs = 
fun(*args)
           
^^^^^^^^^^
TypeError: 
dot_general 
requires 
contracting 
dimensions to have 
the same shape, got 
(1,) and (2,).
--------------------
For simplicity, JAX 
has removed its 
internal frames 
from the traceback 
of the following 
exception. Set JAX_T
RACEBACK_FILTERING=o
ff to include these.
